---
source: crates/aquascope/tests/boundaries.rs
description: make_a_cloner@captured_0.test
---
[]

