---
source: crates/aquascope/tests/boundaries.rs
description: missing_constraint@missing_constraint.test
---
- location: 86
  expected:
    read: true
    write: false
    drop: false
  actual:
    type_droppable: false
    type_writeable: false
    type_copyable: true
    is_live: true
    path_uninitialized: false
    permissions:
      read: true
      write: false
      drop: false
  expecting_flow:
    is_violation: true
    flow_context:
      start: 86
      end: 87
      filename:
        private: 0
    kind: MissingUniversalConstraint

