---
source: crates/aquascope/tests/boundaries.rs
description: consume@read_on_copy_0.test
---
[]

