---
source: crates/aquascope/tests/boundaries.rs
description: main@closure_0.test
---
- location:
    line: 3
    column: 5
  expected:
    read: true
    write: true
    drop: false
  actual:
    type_droppable: true
    type_writeable: true
    type_copyable: false
    is_live: true
    path_uninitialized: false
    permissions:
      read: true
      write: true
      drop: true
- location:
    line: 6
    column: 2
  expected:
    read: true
    write: true
    drop: false
  actual:
    type_droppable: true
    type_writeable: true
    type_copyable: false
    is_live: true
    path_uninitialized: false
    permissions:
      read: true
      write: true
      drop: true
- location:
    line: 7
    column: 2
  expected:
    read: true
    write: true
    drop: false
  actual:
    type_droppable: true
    type_writeable: true
    type_copyable: false
    is_live: true
    path_uninitialized: false
    permissions:
      read: true
      write: true
      drop: true
- location:
    line: 8
    column: 2
  expected:
    read: true
    write: true
    drop: false
  actual:
    type_droppable: true
    type_writeable: true
    type_copyable: false
    is_live: true
    path_uninitialized: false
    permissions:
      read: true
      write: true
      drop: true
- location:
    line: 9
    column: 17
  expected:
    read: true
    write: false
    drop: false
  actual:
    type_droppable: true
    type_writeable: true
    type_copyable: false
    is_live: true
    path_uninitialized: false
    permissions:
      read: true
      write: true
      drop: true

