---
source: crates/aquascope/tests/boundaries.rs
description: "<anon body>@closure_0.test"
---
[]

