---
source: crates/aquascope/tests/interpreter.rs
description: stackref.test
---
steps:
  - stack:
      frames:
        - name: main
          body_span:
            start:
              line: 0
              column: 0
            end:
              line: 4
              column: 1
            filename:
              private: 0
          location:
            start:
              line: 0
              column: 0
            end:
              line: 0
              column: 9
            filename:
              private: 0
          locals: []
    heap:
      locations: []
  - stack:
      frames:
        - name: main
          body_span:
            start:
              line: 0
              column: 0
            end:
              line: 4
              column: 1
            filename:
              private: 0
          location:
            start:
              line: 1
              column: 2
            end:
              line: 1
              column: 16
            filename:
              private: 0
          locals:
            - name: x
              value:
                type: Int
                value: 1
              moved_paths: []
    heap:
      locations: []
  - stack:
      frames:
        - name: main
          body_span:
            start:
              line: 0
              column: 0
            end:
              line: 4
              column: 1
            filename:
              private: 0
          location:
            start:
              line: 2
              column: 2
            end:
              line: 2
              column: 17
            filename:
              private: 0
          locals:
            - name: x
              value:
                type: Int
                value: 1
              moved_paths: []
            - name: y
              value:
                type: Pointer
                value:
                  path:
                    segment:
                      type: Stack
                      value:
                        frame: 0
                        local: x
                    parts: []
                  range: ~
              moved_paths: []
    heap:
      locations: []
  - stack:
      frames:
        - name: main
          body_span:
            start:
              line: 0
              column: 0
            end:
              line: 4
              column: 1
            filename:
              private: 0
          location:
            start:
              line: 3
              column: 2
            end:
              line: 3
              column: 10
            filename:
              private: 0
          locals:
            - name: x
              value:
                type: Int
                value: 2
              moved_paths: []
            - name: y
              value:
                type: Pointer
                value:
                  path:
                    segment:
                      type: Stack
                      value:
                        frame: 0
                        local: x
                    parts: []
                  range: ~
              moved_paths: []
    heap:
      locations: []
  - stack:
      frames:
        - name: main
          body_span:
            start:
              line: 0
              column: 0
            end:
              line: 4
              column: 1
            filename:
              private: 0
          location:
            start:
              line: 4
              column: 0
            end:
              line: 4
              column: 1
            filename:
              private: 0
          locals: []
    heap:
      locations: []
result:
  type: Success

