---
source: crates/aquascope/tests/stepper.rs
description: with_string@array_0.test
---
- - 2
  - - - a
      - is_live:
          type: High
          value: true
        type_droppable:
          type: None
          value: true
        type_writeable:
          type: None
          value: false
        path_moved:
          type: None
        path_uninitialized:
          type: None
          value: false
        loan_read_refined:
          type: None
        loan_write_refined:
          type: None
        loan_drop_refined:
          type: None
        permissions:
          read:
            type: High
            value: true
          write:
            type: None
            value: false
          drop:
            type: High
            value: true
    - - "a[_]"
      - is_live:
          type: High
          value: true
        type_droppable:
          type: None
          value: false
        type_writeable:
          type: None
          value: false
        path_moved:
          type: None
        path_uninitialized:
          type: None
          value: false
        loan_read_refined:
          type: None
        loan_write_refined:
          type: None
        loan_drop_refined:
          type: None
        permissions:
          read:
            type: High
            value: true
          write:
            type: None
            value: false
          drop:
            type: None
            value: false

