---
source: crates/aquascope/tests/stepper.rs
description: add_big_strings@closure_0.test
---
- - 0
  - - - "(*src)[_]"
      - is_live:
          type: High
          value: true
        type_droppable:
          type: None
          value: false
        type_writeable:
          type: None
          value: false
        path_moved:
          type: None
        path_uninitialized:
          type: None
          value: false
        loan_read_refined:
          type: None
        loan_write_refined:
          type: None
        loan_drop_refined:
          type: None
        permissions:
          read:
            type: High
            value: true
          write:
            type: None
            value: false
          drop:
            type: None
            value: false
    - - "*dst"
      - is_live:
          type: High
          value: true
        type_droppable:
          type: None
          value: false
        type_writeable:
          type: High
          value: true
        path_moved:
          type: None
        path_uninitialized:
          type: None
          value: false
        loan_read_refined:
          type: None
        loan_write_refined:
          type: None
        loan_drop_refined:
          type: None
        permissions:
          read:
            type: High
            value: true
          write:
            type: High
            value: true
          drop:
            type: None
            value: false
    - - "*src"
      - is_live:
          type: High
          value: true
        type_droppable:
          type: None
          value: false
        type_writeable:
          type: None
          value: false
        path_moved:
          type: None
        path_uninitialized:
          type: None
          value: false
        loan_read_refined:
          type: None
        loan_write_refined:
          type: None
        loan_drop_refined:
          type: None
        permissions:
          read:
            type: High
            value: true
          write:
            type: None
            value: false
          drop:
            type: None
            value: false
    - - dst
      - is_live:
          type: High
          value: true
        type_droppable:
          type: High
          value: true
        type_writeable:
          type: None
          value: false
        path_moved:
          type: None
        path_uninitialized:
          type: None
          value: false
        loan_read_refined:
          type: None
        loan_write_refined:
          type: None
        loan_drop_refined:
          type: None
        permissions:
          read:
            type: High
            value: true
          write:
            type: None
            value: false
          drop:
            type: High
            value: true
    - - src
      - is_live:
          type: High
          value: true
        type_droppable:
          type: High
          value: true
        type_writeable:
          type: None
          value: false
        path_moved:
          type: None
        path_uninitialized:
          type: None
          value: false
        loan_read_refined:
          type: None
        loan_write_refined:
          type: None
        loan_drop_refined:
          type: None
        permissions:
          read:
            type: High
            value: true
          write:
            type: None
            value: false
          drop:
            type: High
            value: true
- - 2
  - - - "*dst"
      - is_live:
          type: None
          value: true
        type_droppable:
          type: None
          value: false
        type_writeable:
          type: None
          value: true
        path_moved:
          type: None
        path_uninitialized:
          type: None
          value: false
        loan_read_refined:
          type: None
        loan_write_refined:
          type: High
          value: 0
        loan_drop_refined:
          type: High
          value: 0
        permissions:
          read:
            type: None
            value: true
          write:
            type: Low
          drop:
            type: None
            value: false
    - - "*largest"
      - is_live:
          type: High
          value: true
        type_droppable:
          type: None
          value: false
        type_writeable:
          type: None
          value: false
        path_moved:
          type: None
        path_uninitialized:
          type: None
          value: false
        loan_read_refined:
          type: None
        loan_write_refined:
          type: None
        loan_drop_refined:
          type: None
        permissions:
          read:
            type: High
            value: true
          write:
            type: None
            value: false
          drop:
            type: None
            value: false
    - - dst
      - is_live:
          type: None
          value: true
        type_droppable:
          type: None
          value: true
        type_writeable:
          type: None
          value: false
        path_moved:
          type: None
        path_uninitialized:
          type: None
          value: false
        loan_read_refined:
          type: None
        loan_write_refined:
          type: High
          value: 0
        loan_drop_refined:
          type: High
          value: 0
        permissions:
          read:
            type: None
            value: true
          write:
            type: None
            value: false
          drop:
            type: Low
    - - largest
      - is_live:
          type: High
          value: true
        type_droppable:
          type: None
          value: true
        type_writeable:
          type: None
          value: false
        path_moved:
          type: None
        path_uninitialized:
          type: None
          value: false
        loan_read_refined:
          type: None
        loan_write_refined:
          type: None
        loan_drop_refined:
          type: None
        permissions:
          read:
            type: High
            value: true
          write:
            type: None
            value: false
          drop:
            type: High
            value: true
- - 3
  - - - "(*src)[_]"
      - is_live:
          type: Low
        type_droppable:
          type: None
          value: false
        type_writeable:
          type: None
          value: false
        path_moved:
          type: None
        path_uninitialized:
          type: None
          value: false
        loan_read_refined:
          type: None
        loan_write_refined:
          type: None
        loan_drop_refined:
          type: None
        permissions:
          read:
            type: Low
          write:
            type: None
            value: false
          drop:
            type: None
            value: false
    - - "*s"
      - is_live:
          type: High
          value: true
        type_droppable:
          type: None
          value: false
        type_writeable:
          type: None
          value: false
        path_moved:
          type: Low
        path_uninitialized:
          type: None
          value: false
        loan_read_refined:
          type: None
        loan_write_refined:
          type: None
        loan_drop_refined:
          type: None
        permissions:
          read:
            type: High
            value: true
          write:
            type: None
            value: false
          drop:
            type: None
            value: false
    - - "*src"
      - is_live:
          type: Low
        type_droppable:
          type: None
          value: false
        type_writeable:
          type: None
          value: false
        path_moved:
          type: None
        path_uninitialized:
          type: None
          value: false
        loan_read_refined:
          type: None
        loan_write_refined:
          type: None
        loan_drop_refined:
          type: None
        permissions:
          read:
            type: Low
          write:
            type: None
            value: false
          drop:
            type: None
            value: false
    - - s
      - is_live:
          type: High
          value: true
        type_droppable:
          type: None
          value: true
        type_writeable:
          type: None
          value: false
        path_moved:
          type: Low
        path_uninitialized:
          type: Low
        loan_read_refined:
          type: None
        loan_write_refined:
          type: None
        loan_drop_refined:
          type: None
        permissions:
          read:
            type: High
            value: true
          write:
            type: None
            value: false
          drop:
            type: High
            value: true
    - - src
      - is_live:
          type: Low
        type_droppable:
          type: None
          value: true
        type_writeable:
          type: None
          value: false
        path_moved:
          type: None
        path_uninitialized:
          type: None
          value: false
        loan_read_refined:
          type: None
        loan_write_refined:
          type: None
        loan_drop_refined:
          type: None
        permissions:
          read:
            type: Low
          write:
            type: None
            value: false
          drop:
            type: Low

