---
source: crates/aquascope/tests/stepper.rs
description: foo@interior_move_1.test
---
- - 1
  - - - t
      - is_live:
          type: High
          value: true
        type_droppable:
          type: None
          value: true
        type_writeable:
          type: None
          value: true
        path_moved:
          type: None
        path_uninitialized:
          type: None
          value: false
        loan_read_refined:
          type: None
        loan_write_refined:
          type: None
        loan_drop_refined:
          type: None
        permissions:
          read:
            type: High
            value: true
          write:
            type: High
            value: true
          drop:
            type: High
            value: true
    - - t.0
      - is_live:
          type: High
          value: true
        type_droppable:
          type: None
          value: true
        type_writeable:
          type: None
          value: true
        path_moved:
          type: None
        path_uninitialized:
          type: None
          value: false
        loan_read_refined:
          type: None
        loan_write_refined:
          type: None
        loan_drop_refined:
          type: None
        permissions:
          read:
            type: High
            value: true
          write:
            type: High
            value: true
          drop:
            type: High
            value: true
    - - t.1
      - is_live:
          type: High
          value: true
        type_droppable:
          type: None
          value: true
        type_writeable:
          type: None
          value: true
        path_moved:
          type: None
        path_uninitialized:
          type: None
          value: false
        loan_read_refined:
          type: None
        loan_write_refined:
          type: None
        loan_drop_refined:
          type: None
        permissions:
          read:
            type: High
            value: true
          write:
            type: High
            value: true
          drop:
            type: High
            value: true
- - 3
  - - - s
      - is_live:
          type: High
          value: true
        type_droppable:
          type: None
          value: true
        type_writeable:
          type: None
          value: false
        path_moved:
          type: None
        path_uninitialized:
          type: Low
        loan_read_refined:
          type: None
        loan_write_refined:
          type: None
        loan_drop_refined:
          type: None
        permissions:
          read:
            type: High
            value: true
          write:
            type: None
            value: false
          drop:
            type: High
            value: true
    - - t
      - is_live:
          type: Low
        type_droppable:
          type: None
          value: true
        type_writeable:
          type: None
          value: true
        path_moved:
          type: High
          value: 4
        path_uninitialized:
          type: High
          value: true
        loan_read_refined:
          type: None
        loan_write_refined:
          type: None
        loan_drop_refined:
          type: None
        permissions:
          read:
            type: Low
          write:
            type: Low
          drop:
            type: Low
    - - t.0
      - is_live:
          type: Low
        type_droppable:
          type: None
          value: true
        type_writeable:
          type: None
          value: true
        path_moved:
          type: High
          value: 4
        path_uninitialized:
          type: High
          value: true
        loan_read_refined:
          type: None
        loan_write_refined:
          type: None
        loan_drop_refined:
          type: None
        permissions:
          read:
            type: Low
          write:
            type: Low
          drop:
            type: Low
    - - t.1
      - is_live:
          type: Low
        type_droppable:
          type: None
          value: true
        type_writeable:
          type: None
          value: true
        path_moved:
          type: None
        path_uninitialized:
          type: None
          value: false
        loan_read_refined:
          type: None
        loan_write_refined:
          type: None
        loan_drop_refined:
          type: None
        permissions:
          read:
            type: Low
          write:
            type: Low
          drop:
            type: Low
- - 5
  - - - s
      - is_live:
          type: Low
        type_droppable:
          type: None
          value: true
        type_writeable:
          type: None
          value: false
        path_moved:
          type: High
          value: 5
        path_uninitialized:
          type: High
          value: true
        loan_read_refined:
          type: None
        loan_write_refined:
          type: None
        loan_drop_refined:
          type: None
        permissions:
          read:
            type: Low
          write:
            type: None
            value: false
          drop:
            type: Low
- - 7
  - - - t
      - is_live:
          type: High
          value: true
        type_droppable:
          type: None
          value: true
        type_writeable:
          type: None
          value: true
        path_moved:
          type: Low
        path_uninitialized:
          type: Low
        loan_read_refined:
          type: None
        loan_write_refined:
          type: None
        loan_drop_refined:
          type: None
        permissions:
          read:
            type: High
            value: true
          write:
            type: High
            value: true
          drop:
            type: High
            value: true
    - - t.0
      - is_live:
          type: High
          value: true
        type_droppable:
          type: None
          value: true
        type_writeable:
          type: None
          value: true
        path_moved:
          type: Low
        path_uninitialized:
          type: Low
        loan_read_refined:
          type: None
        loan_write_refined:
          type: None
        loan_drop_refined:
          type: None
        permissions:
          read:
            type: High
            value: true
          write:
            type: High
            value: true
          drop:
            type: High
            value: true
    - - t.1
      - is_live:
          type: High
          value: true
        type_droppable:
          type: None
          value: true
        type_writeable:
          type: None
          value: true
        path_moved:
          type: None
        path_uninitialized:
          type: None
          value: false
        loan_read_refined:
          type: None
        loan_write_refined:
          type: None
        loan_drop_refined:
          type: None
        permissions:
          read:
            type: High
            value: true
          write:
            type: High
            value: true
          drop:
            type: High
            value: true
- - 9
  - - - t
      - is_live:
          type: Low
        type_droppable:
          type: None
          value: true
        type_writeable:
          type: None
          value: true
        path_moved:
          type: High
          value: 15
        path_uninitialized:
          type: High
          value: true
        loan_read_refined:
          type: None
        loan_write_refined:
          type: None
        loan_drop_refined:
          type: None
        permissions:
          read:
            type: Low
          write:
            type: Low
          drop:
            type: Low
    - - t.0
      - is_live:
          type: Low
        type_droppable:
          type: None
          value: true
        type_writeable:
          type: None
          value: true
        path_moved:
          type: High
          value: 15
        path_uninitialized:
          type: High
          value: true
        loan_read_refined:
          type: None
        loan_write_refined:
          type: None
        loan_drop_refined:
          type: None
        permissions:
          read:
            type: Low
          write:
            type: Low
          drop:
            type: Low
    - - t.1
      - is_live:
          type: Low
        type_droppable:
          type: None
          value: true
        type_writeable:
          type: None
          value: true
        path_moved:
          type: High
          value: 15
        path_uninitialized:
          type: None
          value: false
        loan_read_refined:
          type: None
        loan_write_refined:
          type: None
        loan_drop_refined:
          type: None
        permissions:
          read:
            type: Low
          write:
            type: Low
          drop:
            type: Low

