---
source: crates/aquascope/tests/stepper.rs
description: drop@struct_with_dtor.test
---
[]

