---
source: crates/aquascope/tests/stepper.rs
description: foo@if_4.test
---
- - 0
  - - - b
      - is_live:
          type: High
        type_droppable:
          type: High
        type_writeable:
          type: High
        path_moved:
          type: None
          value: false
        loan_read_refined:
          type: None
        loan_write_refined:
          type: None
        loan_drop_refined:
          type: None
        permissions:
          read:
            type: High
          write:
            type: High
          drop:
            type: High
- - 1
  - - - "*a"
      - is_live:
          type: High
        type_droppable:
          type: None
          value: false
        type_writeable:
          type: None
          value: true
        path_moved:
          type: None
          value: false
        loan_read_refined:
          type: None
        loan_write_refined:
          type: None
        loan_drop_refined:
          type: None
        permissions:
          read:
            type: High
          write:
            type: High
          drop:
            type: High
    - - a
      - is_live:
          type: High
        type_droppable:
          type: None
          value: true
        type_writeable:
          type: None
          value: false
        path_moved:
          type: None
          value: false
        loan_read_refined:
          type: None
        loan_write_refined:
          type: None
        loan_drop_refined:
          type: None
        permissions:
          read:
            type: High
          write:
            type: None
            value: false
          drop:
            type: High
    - - b
      - is_live:
          type: None
          value: true
        type_droppable:
          type: None
          value: true
        type_writeable:
          type: None
          value: true
        path_moved:
          type: None
          value: false
        loan_read_refined:
          type: High
        loan_write_refined:
          type: High
        loan_drop_refined:
          type: High
        permissions:
          read:
            type: Low
          write:
            type: Low
          drop:
            type: Low
- - 5
  - - - z
      - is_live:
          type: High
        type_droppable:
          type: None
          value: true
        type_writeable:
          type: None
          value: false
        path_moved:
          type: Low
        loan_read_refined:
          type: None
        loan_write_refined:
          type: None
        loan_drop_refined:
          type: None
        permissions:
          read:
            type: High
          write:
            type: None
            value: false
          drop:
            type: High
- - 6
  - - - q
      - is_live:
          type: High
        type_droppable:
          type: None
          value: true
        type_writeable:
          type: None
          value: false
        path_moved:
          type: Low
        loan_read_refined:
          type: None
        loan_write_refined:
          type: None
        loan_drop_refined:
          type: None
        permissions:
          read:
            type: High
          write:
            type: None
            value: false
          drop:
            type: High
- - 7
  - - - q
      - is_live:
          type: Low
        type_droppable:
          type: None
          value: true
        type_writeable:
          type: None
          value: false
        path_moved:
          type: None
          value: false
        loan_read_refined:
          type: None
        loan_write_refined:
          type: None
        loan_drop_refined:
          type: None
        permissions:
          read:
            type: Low
          write:
            type: None
            value: false
          drop:
            type: Low
    - - z
      - is_live:
          type: Low
        type_droppable:
          type: None
          value: true
        type_writeable:
          type: None
          value: false
        path_moved:
          type: None
          value: false
        loan_read_refined:
          type: None
        loan_write_refined:
          type: None
        loan_drop_refined:
          type: None
        permissions:
          read:
            type: Low
          write:
            type: None
            value: false
          drop:
            type: Low
- - 9
  - - - "*a"
      - is_live:
          type: Low
        type_droppable:
          type: None
          value: false
        type_writeable:
          type: None
          value: true
        path_moved:
          type: None
          value: false
        loan_read_refined:
          type: None
        loan_write_refined:
          type: None
        loan_drop_refined:
          type: None
        permissions:
          read:
            type: Low
          write:
            type: Low
          drop:
            type: Low
    - - a
      - is_live:
          type: Low
        type_droppable:
          type: None
          value: true
        type_writeable:
          type: None
          value: false
        path_moved:
          type: None
          value: false
        loan_read_refined:
          type: None
        loan_write_refined:
          type: None
        loan_drop_refined:
          type: None
        permissions:
          read:
            type: Low
          write:
            type: None
            value: false
          drop:
            type: Low
- - 10
  - - - "*a"
      - is_live:
          type: Low
        type_droppable:
          type: None
          value: false
        type_writeable:
          type: None
          value: true
        path_moved:
          type: None
          value: false
        loan_read_refined:
          type: None
        loan_write_refined:
          type: None
        loan_drop_refined:
          type: None
        permissions:
          read:
            type: Low
          write:
            type: Low
          drop:
            type: Low
    - - a
      - is_live:
          type: Low
        type_droppable:
          type: None
          value: true
        type_writeable:
          type: None
          value: false
        path_moved:
          type: None
          value: false
        loan_read_refined:
          type: None
        loan_write_refined:
          type: None
        loan_drop_refined:
          type: None
        permissions:
          read:
            type: Low
          write:
            type: None
            value: false
          drop:
            type: Low
    - - b
      - is_live:
          type: None
          value: true
        type_droppable:
          type: None
          value: true
        type_writeable:
          type: None
          value: true
        path_moved:
          type: None
          value: false
        loan_read_refined:
          type: Low
        loan_write_refined:
          type: Low
        loan_drop_refined:
          type: Low
        permissions:
          read:
            type: High
          write:
            type: High
          drop:
            type: High
- - 11
  - - - b
      - is_live:
          type: Low
        type_droppable:
          type: None
          value: true
        type_writeable:
          type: None
          value: true
        path_moved:
          type: None
          value: false
        loan_read_refined:
          type: None
        loan_write_refined:
          type: None
        loan_drop_refined:
          type: None
        permissions:
          read:
            type: Low
          write:
            type: Low
          drop:
            type: Low
