---
source: crates/aquascope/tests/stepper.rs
description: "<anon body>@closure_0.test"
---
[]

