---
source: crates/aquascope/tests/stepper.rs
description: dummy_use@linear_0.test
---
[]

